// Jest Snapshot v1, https://goo.gl/fbAQLP

exports[`<Spinner/> should render correctly 1`] = `
<div>
  <div
    class="sc-AxjAm duduqK"
  />
</div>
`;
