// Jest Snapshot v1, https://goo.gl/fbAQLP

exports[`A Spinner should have Spinner class 1`] = `
<div
  className="Spinner"
>
  <div
    className="Cube Cube1"
  />
  <div
    className="Cube Cube2"
  />
  <div
    className="Cube Cube3"
  />
  <div
    className="Cube Cube4"
  />
</div>
`;
