// Jest Snapshot v1, https://goo.gl/fbAQLP

exports[`<Items/> should render correctly 1`] = `
.c2 {
  font-family: Quicksand;
  font-size: 18px;
  font-weight: 600;
}

.c4 {
  background-color: #FFFFFF;
  box-shadow: 0px 2px 12px rgba(0,0,0,0.04);
  border-top-left-radius: 12px;
  border-bottom-left-radius: 12px;
  height: 100%;
  box-sizing: border-box;
  display: -webkit-box;
  display: -webkit-flex;
  display: -ms-flexbox;
  display: flex;
  -webkit-align-items: center;
  -webkit-box-align: center;
  -ms-flex-align: center;
  align-items: center;
  padding: 0px 10px;
}

.c5 {
  color: #34333A;
  font-size: 24px;
}

.c6 {
  background-color: #FFFFFF;
  box-shadow: 0px 2px 12px rgba(0,0,0,0.04);
  border-top-right-radius: 12px;
  border-bottom-right-radius: 12px;
  font-family: Quicksand;
  font-weight: 600;
  height: 100%;
  border: none;
  outline: none;
}

.c6::-webkit-input-placeholder {
  color: #BDBDBD;
}

.c6::-moz-placeholder {
  color: #BDBDBD;
}

.c6:-ms-input-placeholder {
  color: #BDBDBD;
}

.c6::placeholder {
  color: #BDBDBD;
}

.c3 {
  display: -webkit-box;
  display: -webkit-flex;
  display: -ms-flexbox;
  display: flex;
  -webkit-align-items: center;
  -webkit-box-align: center;
  -ms-flex-align: center;
  align-items: center;
  -webkit-box-pack: justify;
  -webkit-justify-content: space-between;
  -ms-flex-pack: justify;
  justify-content: space-between;
  height: 40px;
  margin-top: 10px;
}

.c7 {
  font-family: Quicksand;
  font-size: 18px;
  color: #000000;
  margin-top: 0px;
  margin-bottom: 15px;
  font-weight: 600;
}

.c8 {
  display: -webkit-box;
  display: -webkit-flex;
  display: -ms-flexbox;
  display: flex;
  -webkit-align-items: center;
  -webkit-box-align: center;
  -ms-flex-align: center;
  align-items: center;
  -webkit-flex-wrap: wrap;
  -ms-flex-wrap: wrap;
  flex-wrap: wrap;
}

.c9 {
  background-color: #FFFFFF;
  border-radius: 12px;
  font-size: 14px;
  font-weight: 600;
  box-shadow: 0px 2px 12px rgba(0,0,0,0.05);
  padding: 8px 20px;
  display: -webkit-box;
  display: -webkit-flex;
  display: -ms-flexbox;
  display: flex;
  -webkit-align-items: center;
  -webkit-box-align: center;
  -ms-flex-align: center;
  align-items: center;
  -webkit-box-pack: justify;
  -webkit-justify-content: space-between;
  -ms-flex-pack: justify;
  justify-content: space-between;
  width: 80px;
  margin-bottom: 15px;
  margin-right: 5px;
}

.c10 {
  cursor: pointer;
}

.c11 {
  font-size: 18px;
  color: #c1c1c4;
  cursor: pointer;
}

.c0 {
  padding: 20px;
  box-sizing: border-box;
  min-height: 100%;
  background-color: #fafafe;
}

.c1 {
  display: -webkit-box;
  display: -webkit-flex;
  display: -ms-flexbox;
  display: flex;
  -webkit-align-items: top;
  -webkit-box-align: top;
  -ms-flex-align: top;
  align-items: top;
  -webkit-box-pack: start;
  -webkit-justify-content: start;
  -ms-flex-pack: start;
  justify-content: start;
  -webkit-flex-wrap: wrap;
  -ms-flex-wrap: wrap;
  flex-wrap: wrap;
}

@media (min-width:1200px) {
  .c2 {
    font-size: 24px;
  }
}

@media (min-width:1200px) {
  .c3 {
    font-size: 24px;
    margin-left: 20px;
    margin-top: 0px;
  }
}

@media (min-width:1200px) {
  .c9 {
    width: 120px;
    margin-right: 15px;
    margin-bottom: 30px;
    font-size: 18px;
  }
}

@media (min-width:768px) {
  .c0 {
    padding: 20px 60px;
  }
}

@media (min-width:768px) {
  .c1 {
    -webkit-flex-wrap: nowrap;
    -ms-flex-wrap: nowrap;
    flex-wrap: nowrap;
    -webkit-box-pack: space-around;
    -webkit-justify-content: space-around;
    -ms-flex-pack: space-around;
    justify-content: space-around;
  }
}

<div>
  <div
    class="c0"
  >
    <div
      class="c1"
    >
      <h1
        class="c2"
      >
        <span
          style="color: rgb(249, 161, 9); font-weight: bold;"
        >
          Shoppingify
           
        </span>
        allows you take your shopping list wherever you go
      </h1>
      <div
        class="c3"
      >
        <div
          class="c4"
        >
          <div
            class="c5 material-icons-round"
          >
            search
          </div>
        </div>
        <input
          class="c6"
          placeholder="Search item"
        />
      </div>
    </div>
    <div
      style="margin-top: 50px;"
    >
      <h3
        class="c7"
      >
        Fruit
      </h3>
      <div
        class="c8"
      >
        <div
          class="c9"
        >
          <span
            class="c10"
          >
            Apple
          </span>
          <i
            class="c11 material-icons-round"
          >
            add
          </i>
        </div>
        <div
          class="c9"
        >
          <span
            class="c10"
          >
            Banana
          </span>
          <i
            class="c11 material-icons-round"
          >
            add
          </i>
        </div>
      </div>
    </div>
  </div>
</div>
`;
